#-----------------------------------------------------------
# Vivado v2025.1 (64-bit)
# SW Build 6140274 on Thu May 22 00:12:29 MDT 2025
# IP Build 6138677 on Thu May 22 03:10:11 MDT 2025
# SharedData Build 6139179 on Tue May 20 17:58:58 MDT 2025
# Start of session at: Sat Oct 25 15:13:23 2025
# Process ID         : 16968
# Current directory  : E:/VLSI_project/vivado_project/project/project.runs/impl_1
# Command line       : vivado.exe -log design_1_wrapper.vdi -applog -product Vivado -messageDb vivado.pb -mode batch -source design_1_wrapper.tcl -notrace
# Log file           : E:/VLSI_project/vivado_project/project/project.runs/impl_1/design_1_wrapper.vdi
# Journal file       : E:/VLSI_project/vivado_project/project/project.runs/impl_1\vivado.jou
# Running On         : DESKTOP-RAR5NIM
# Platform           : Windows Server 2016 or Windows 10
# Operating System   : 19045
# Processor Detail   : Intel(R) Core(TM) i7-4770K CPU @ 3.50GHz
# CPU Frequency      : 3492 MHz
# CPU Physical cores : 4
# CPU Logical cores  : 8
# Host memory        : 8524 MB
# Swap memory        : 6174 MB
# Total Virtual      : 14698 MB
# Available Virtual  : 5493 MB
#-----------------------------------------------------------
source design_1_wrapper.tcl -notrace
